---
source: tests/cli.rs
expression: "format!(\"STDOUT\\n{out}\\nSTDERR\\n{err}\")"
input_file: tests/inputs/hello_world.gleam
---
STDOUT
Hello world!

STDERR
