---
source: tests/cli.rs
expression: "formatdoc!\n{\n    \"\n            STDOUT\n            {out}\n            STDERR\n            {err}\"\n}"
input_file: tests/inputs/gleam.gleam
---
STDOUT

STDERR
gleam: is a reserved module name.
