---
source: tests/cli.rs
expression: "formatdoc!\n{\n    \"\n            STDOUT\n            {out}\n            STDERR\n            {err}\"\n}"
input_file: tests/inputs/.invalid.gleam
---
STDOUT

STDERR
warning: Invalid module name

Module names must begin with a lowercase letter and contain
only lowercase alphanumeric characters or underscores.
Hint: Rename `/src/tests/inputs/.invalid.gleam` to be valid, or remove this file from the project source.
