---
source: tests/cli.rs
expression: "formatdoc!\n{\n    \"\n            STDOUT\n            {out}\n            STDERR\n            {err}\"\n}"
input_file: tests/inputs/user.gleam
---
STDOUT

STDERR
error: Module does not have a main function

`user` does not have a main function so the module can not be run.
Hint: Add a public `main` function to to `src/user.gleam`.
