---
source: tests/cli.rs
expression: "formatdoc!\n{\n    \"\n            STDOUT\n            {out}\n            STDERR\n            {err}\"\n}"
input_file: tests/inputs/main_stackoverflow.gleam
---
STDOUT
Stack overflow
  at main (/build/tests/inputs/main_stackoverflow.mjs:6:10)
  at f (/build/tests/inputs/main_stackoverflow.mjs:2:15)
  at f (/build/tests/inputs/main_stackoverflow.mjs:2:15)
  at f (/build/tests/inputs/main_stackoverflow.mjs:2:15)
  at f (/build/tests/inputs/main_stackoverflow.mjs:2:15)
  at f (/build/tests/inputs/main_stackoverflow.mjs:2:15)
  at f (/build/tests/inputs/main_stackoverflow.mjs:2:15)
  at f (/build/tests/inputs/main_stackoverflow.mjs:2:15)
  at f (/build/tests/inputs/main_stackoverflow.mjs:2:15)
  at f (/build/tests/inputs/main_stackoverflow.mjs:2:15)
  at f (/build/tests/inputs/main_stackoverflow.mjs:2:15)
  at f (/build/tests/inputs/main_stackoverflow.mjs:2:15)
  at f (/build/tests/inputs/main_stackoverflow.mjs:2:15)
  at f (/build/tests/inputs/main_stackoverflow.mjs:2:15)
  at f (/build/tests/inputs/main_stackoverflow.mjs:2:15)
  at f (/build/tests/inputs/main_stackoverflow.mjs:2:15)
  at f (/build/tests/inputs/main_stackoverflow.mjs:2:15)
  ...

STDERR
